{
  "version": "1.5.0",
  "plugins_used": [
    {
      "name": "ArtifactoryDetector"
    },
    {
      "name": "AWSKeyDetector"
    },
    {
      "name": "AzureStorageKeyDetector"
    },
    {
      "name": "Base64HighEntropyString",
      "limit": 4.5
    },
    {
      "name": "BasicAuthDetector"
    },
    {
      "name": "CloudantDetector"
    },
    {
      "name": "DiscordBotTokenDetector"
    },
    {
      "name": "GitHubTokenDetector"
    },
    {
      "name": "GitLabTokenDetector"
    },
    {
      "name": "HexHighEntropyString",
      "limit": 3.0
    },
    {
      "name": "IbmCloudIamDetector"
    },
    {
      "name": "IbmCosHmacDetector"
    },
    {
      "name": "IPPublicDetector"
    },
    {
      "name": "JwtTokenDetector"
    },
    {
      "name": "KeywordDetector",
      "keyword_exclude": ""
    },
    {
      "name": "MailchimpDetector"
    },
    {
      "name": "NpmDetector"
    },
    {
      "name": "OpenAIDetector"
    },
    {
      "name": "PrivateKeyDetector"
    },
    {
      "name": "PypiTokenDetector"
    },
    {
      "name": "SendGridDetector"
    },
    {
      "name": "SlackDetector"
    },
    {
      "name": "SoftlayerDetector"
    },
    {
      "name": "SquareOAuthDetector"
    },
    {
      "name": "StripeDetector"
    },
    {
      "name": "TelegramBotTokenDetector"
    },
    {
      "name": "TwilioKeyDetector"
    }
  ],
  "filters_used": [
    {
      "path": "detect_secrets.filters.allowlist.is_line_allowlisted"
    },
    {
      "path": "detect_secrets.filters.common.is_baseline_file",
      "filename": ".secrets.baseline"
    },
    {
      "path": "detect_secrets.filters.common.is_ignored_due_to_verification_policies",
      "min_level": 2
    },
    {
      "path": "detect_secrets.filters.heuristic.is_indirect_reference"
    },
    {
      "path": "detect_secrets.filters.heuristic.is_likely_id_string"
    },
    {
      "path": "detect_secrets.filters.heuristic.is_lock_file"
    },
    {
      "path": "detect_secrets.filters.heuristic.is_not_alphanumeric_string"
    },
    {
      "path": "detect_secrets.filters.heuristic.is_potential_uuid"
    },
    {
      "path": "detect_secrets.filters.heuristic.is_prefixed_with_dollar_sign"
    },
    {
      "path": "detect_secrets.filters.heuristic.is_sequential_string"
    },
    {
      "path": "detect_secrets.filters.heuristic.is_swagger_file"
    },
    {
      "path": "detect_secrets.filters.heuristic.is_templated_secret"
    }
  ],
  "results": {
    ".github/workflows/ci-cd.yml": [
      {
        "type": "Secret Keyword",
        "filename": ".github/workflows/ci-cd.yml",
        "hashed_secret": "9fb7fe1217aed442b04c0f5e43b5d5a7d3287097",
        "is_verified": false,
        "line_number": 70
      }
    ],
    "QUICKSTART.md": [
      {
        "type": "Secret Keyword",
        "filename": "QUICKSTART.md",
        "hashed_secret": "564e340cd48437d2dfe876ee154cc99dc4d0d137",
        "is_verified": false,
        "line_number": 358
      }
    ],
    "docs/REPO_ORGANIZATION.md": [
      {
        "type": "Secret Keyword",
        "filename": "docs/REPO_ORGANIZATION.md",
        "hashed_secret": "d1d12fc45d006ee3a776b6f22a51dded7ad1aeba",
        "is_verified": false,
        "line_number": 211
      }
    ],
    "docs/SECURITY_PROTOCOLS.md": [
      {
        "type": "Basic Auth Credentials",
        "filename": "docs/SECURITY_PROTOCOLS.md",
        "hashed_secret": "9d4e1e23bd5b727046a9e3b4b7db57bd8d6ee684",
        "is_verified": false,
        "line_number": 236
      },
      {
        "type": "Base64 High Entropy String",
        "filename": "docs/SECURITY_PROTOCOLS.md",
        "hashed_secret": "e6e13e1296f1e2d29e519f85e2cb870779b33193",
        "is_verified": false,
        "line_number": 360
      }
    ],
    "docs/SECURITY_SCANNING_GUIDE.md": [
      {
        "type": "Secret Keyword",
        "filename": "docs/SECURITY_SCANNING_GUIDE.md",
        "hashed_secret": "8b83350634764addf08f54aeb0e323a82e0561ab",
        "is_verified": false,
        "line_number": 391
      }
    ],
    "docs/TEMPORAL_QUERY_GUIDE.md": [
      {
        "type": "Secret Keyword",
        "filename": "docs/TEMPORAL_QUERY_GUIDE.md",
        "hashed_secret": "564e340cd48437d2dfe876ee154cc99dc4d0d137",
        "is_verified": false,
        "line_number": 104
      }
    ],
    "docs/TESTING.md": [
      {
        "type": "Secret Keyword",
        "filename": "docs/TESTING.md",
        "hashed_secret": "c94d65f02a652d11c2e5c2e1ccf38dce5a076e1e",
        "is_verified": false,
        "line_number": 256
      }
    ],
    "docs/TROUBLESHOOTING.md": [
      {
        "type": "Secret Keyword",
        "filename": "docs/TROUBLESHOOTING.md",
        "hashed_secret": "dd2310b640d02063777fe2d906a6d8ce03c50b53",
        "is_verified": false,
        "line_number": 630
      }
    ],
    "docs/archive/superseded_documentation/CLAUDE_WORKFLOW_ORDER.md.old": [
      {
        "type": "AWS Access Key",
        "filename": "docs/archive/superseded_documentation/CLAUDE_WORKFLOW_ORDER.md.old",
        "hashed_secret": "25910f981e85ca04baf359199dd0bd4a3ae738b6",
        "is_verified": false,
        "line_number": 1018
      },
      {
        "type": "Basic Auth Credentials",
        "filename": "docs/archive/superseded_documentation/CLAUDE_WORKFLOW_ORDER.md.old",
        "hashed_secret": "9d4e1e23bd5b727046a9e3b4b7db57bd8d6ee684",
        "is_verified": false,
        "line_number": 1409
      }
    ],
    "docs/claude_workflows/workflow_descriptions/08_git_commit.md": [
      {
        "type": "AWS Access Key",
        "filename": "docs/claude_workflows/workflow_descriptions/08_git_commit.md",
        "hashed_secret": "25910f981e85ca04baf359199dd0bd4a3ae738b6",
        "is_verified": false,
        "line_number": 21
      },
      {
        "type": "Basic Auth Credentials",
        "filename": "docs/claude_workflows/workflow_descriptions/08_git_commit.md",
        "hashed_secret": "9d4e1e23bd5b727046a9e3b4b7db57bd8d6ee684",
        "is_verified": false,
        "line_number": 412
      }
    ],
    "docs/claude_workflows/workflow_descriptions/36_pre_push_repo_cleanup.md": [
      {
        "type": "Private Key",
        "filename": "docs/claude_workflows/workflow_descriptions/36_pre_push_repo_cleanup.md",
        "hashed_secret": "be4fc4886bd949b369d5e092eb87494f12e57e5b",
        "is_verified": false,
        "line_number": 65
      },
      {
        "type": "Basic Auth Credentials",
        "filename": "docs/claude_workflows/workflow_descriptions/36_pre_push_repo_cleanup.md",
        "hashed_secret": "5baa61e4c9b93f3f0682250b6cf8331b7ee68fd8",
        "is_verified": false,
        "line_number": 67
      },
      {
        "type": "AWS Access Key",
        "filename": "docs/claude_workflows/workflow_descriptions/36_pre_push_repo_cleanup.md",
        "hashed_secret": "25910f981e85ca04baf359199dd0bd4a3ae738b6",
        "is_verified": false,
        "line_number": 102
      }
    ],
    "docs/claude_workflows/workflow_descriptions/37_credential_management.md": [
      {
        "type": "Secret Keyword",
        "filename": "docs/claude_workflows/workflow_descriptions/37_credential_management.md",
        "hashed_secret": "48be2f725b20133b29eea907cfdf4a54332a4e2c",
        "is_verified": false,
        "line_number": 131
      },
      {
        "type": "Secret Keyword",
        "filename": "docs/claude_workflows/workflow_descriptions/37_credential_management.md",
        "hashed_secret": "519f755a6befe974f66c17b176b63f4cbecc1ae7",
        "is_verified": false,
        "line_number": 152
      },
      {
        "type": "Secret Keyword",
        "filename": "docs/claude_workflows/workflow_descriptions/37_credential_management.md",
        "hashed_secret": "dbdab9be92cacdae6a97e8601332bfaa8545800f",
        "is_verified": false,
        "line_number": 153
      }
    ],
    "docs/claude_workflows/workflow_descriptions/41_testing_framework.md": [
      {
        "type": "Secret Keyword",
        "filename": "docs/claude_workflows/workflow_descriptions/41_testing_framework.md",
        "hashed_secret": "564e340cd48437d2dfe876ee154cc99dc4d0d137",
        "is_verified": false,
        "line_number": 165
      },
      {
        "type": "Secret Keyword",
        "filename": "docs/claude_workflows/workflow_descriptions/41_testing_framework.md",
        "hashed_secret": "d6f675bbd8e085364fadca14e399e2e568299269",
        "is_verified": false,
        "line_number": 303
      }
    ],
    "docs/phases/phase_5/5.0_machine_learning_models.md": [
      {
        "type": "Secret Keyword",
        "filename": "docs/phases/phase_5/5.0_machine_learning_models.md",
        "hashed_secret": "564e340cd48437d2dfe876ee154cc99dc4d0d137",
        "is_verified": false,
        "line_number": 135
      }
    ],
    "docs/phases/phase_7/7.0_betting_odds_integration.md": [
      {
        "type": "Secret Keyword",
        "filename": "docs/phases/phase_7/7.0_betting_odds_integration.md",
        "hashed_secret": "cf4a956e75901c220c0f5fbaec41987fc6177345",
        "is_verified": false,
        "line_number": 169
      }
    ],
    "notebooks/02_feature_engineering.ipynb": [
      {
        "type": "Secret Keyword",
        "filename": "notebooks/02_feature_engineering.ipynb",
        "hashed_secret": "46eda0d919e9ff536436e45a46524ad602151135",
        "is_verified": false,
        "line_number": 70
      }
    ],
    "notebooks/README.md": [
      {
        "type": "Secret Keyword",
        "filename": "notebooks/README.md",
        "hashed_secret": "46eda0d919e9ff536436e45a46524ad602151135",
        "is_verified": false,
        "line_number": 50
      }
    ],
    "scripts/etl/phase_1_11_deduplication_agent.py": [
      {
        "type": "Secret Keyword",
        "filename": "scripts/etl/phase_1_11_deduplication_agent.py",
        "hashed_secret": "5baa61e4c9b93f3f0682250b6cf8331b7ee68fd8",
        "is_verified": false,
        "line_number": 51
      }
    ],
    "scripts/etl/phase_1_1_integration_agent.py": [
      {
        "type": "Secret Keyword",
        "filename": "scripts/etl/phase_1_1_integration_agent.py",
        "hashed_secret": "5baa61e4c9b93f3f0682250b6cf8331b7ee68fd8",
        "is_verified": false,
        "line_number": 53
      }
    ],
    "scripts/etl/phase_9_2_hoopr_agent.py": [
      {
        "type": "Secret Keyword",
        "filename": "scripts/etl/phase_9_2_hoopr_agent.py",
        "hashed_secret": "5baa61e4c9b93f3f0682250b6cf8331b7ee68fd8",
        "is_verified": false,
        "line_number": 51
      }
    ],
    "scripts/ml/predict_upcoming_games.py": [
      {
        "type": "Hex High Entropy String",
        "filename": "scripts/ml/predict_upcoming_games.py",
        "hashed_secret": "c0c2aea3aadf343519dc1a6ee713273831c17f2a",
        "is_verified": false,
        "line_number": 275
      }
    ],
    "scripts/shell/security_scan.sh": [
      {
        "type": "Basic Auth Credentials",
        "filename": "scripts/shell/security_scan.sh",
        "hashed_secret": "9d4e1e23bd5b727046a9e3b4b7db57bd8d6ee684",
        "is_verified": false,
        "line_number": 62
      }
    ],
    "scripts/test_security_scanning.py": [
      {
        "type": "AWS Access Key",
        "filename": "scripts/test_security_scanning.py",
        "hashed_secret": "25910f981e85ca04baf359199dd0bd4a3ae738b6",
        "is_verified": false,
        "line_number": 32
      },
      {
        "type": "Base64 High Entropy String",
        "filename": "scripts/test_security_scanning.py",
        "hashed_secret": "50c0b016e04900f977fa5de65503072250b28277",
        "is_verified": false,
        "line_number": 67
      },
      {
        "type": "Secret Keyword",
        "filename": "scripts/test_security_scanning.py",
        "hashed_secret": "50c0b016e04900f977fa5de65503072250b28277",
        "is_verified": false,
        "line_number": 67
      }
    ],
    "tests/test_temporal_queries.py": [
      {
        "type": "Secret Keyword",
        "filename": "tests/test_temporal_queries.py",
        "hashed_secret": "564e340cd48437d2dfe876ee154cc99dc4d0d137",
        "is_verified": false,
        "line_number": 21
      }
    ]
  },
  "generated_at": "2025-10-23T03:53:53Z"
}
